---
source: src/tests/span_trace.rs
expression: err
---
timeout elapsed at:
trace 0:
   0: timeout_tracing::tests::span_trace::do_sleep_a
             at src/tests/span_trace.rs:[NNN]
   1: timeout_tracing::tests::span_trace::do_sleep
             at src/tests/span_trace.rs:[NNN]
trace 1:
   0: timeout_tracing::tests::span_trace::do_sleep_b
             at src/tests/span_trace.rs:[NNN]
   1: timeout_tracing::tests::span_trace::do_sleep
             at src/tests/span_trace.rs:[NNN]
